@@ENV|mode|conflict|nonce|a7136383
@@ENV|repo|darrocarocatest-sys/cb-iso|ref|refs/heads/main|headref||baseref|
@@ENV|event|workflow_dispatch|sha|9b057a62d37fb3971b56285af64f5ed0e64700c3|runid|30245845106|actor|darrocarocatest-sys
@@ENV|results|https://results-receiver.actions.githubusercontent.com|cacheurl|https://artifactcache.actions.githubusercontent.com/VAcFmnBQNu0BOrRLuiJmm4yoHiIecqusC69Uo2HrfDxIOIlovh|cachev2|True
@@JWT|runtime|claimnames|IdentityTypeClaim,ac,acsl,aud,billing_owner_id,exp,http://schemas.microsoft.com/ws/2008/06/identity/claims/primarysid,http://schemas.xmlsoap.org/ws/2005/05/identity/claims/sid,iat,iss,job_id,job_workflow_ref,job_workflow_sha,nameid,nbf,oidc_extra,oidc_sub,orch_id,owner_id,plan_id,repository_id,repository_owner_id,repository_visibility,run_id,run_number,run_type,runner_id,runner_type,scp,sha,trust_tier
@@JWT|runtime|iss|https://token.actions.githubusercontent.com
@@JWT|runtime|aud|vso:95d9af0d-dc64-4302-9f98-24987cb23901
@@JWT|runtime|exp|1785159082
@@JWT|runtime|ac|[{"Scope":"refs/heads/main","Permission":3}]
@@JWT|runtime|scp|Actions.Results:c653e37a-b4e0-4de2-8882-d3948af02b2d:0ebb61e1-175d-57cd-b8d5-254060788828 Actions.Runner:c653e37a-b4e0-4de2-8882-d3948af02b2d:0ebb61e1-175d-57cd-b8d5-254060788828 Actions.UploadArtifacts:c653e37a-b4e0-4de2-8882-d3948af02b2d:0ebb61e1-175d-57cd-b8d5-254060788828 generate_id_token:c653e37a-b4e0-4de2-8882-d3948af02b2d:0ebb61e1-175d-57cd-b8d5-254060788828 Actions.GenericRead:00000000-0000-0000-0000-000000000000
@@JWT|runtime|repository_id|1313533001
@@JWT|runtime|owner_id|U_kgDOEUO91A
@@JWT|runtime|repository_owner_id|289652180
@@JWT|runtime|repository_visibility|public
@@JWT|runtime|run_id|30245845106
@@JWT|runtime|job_id|0ebb61e1-175d-57cd-b8d5-254060788828
@@JWT|runtime|job_workflow_ref|darrocarocatest-sys/cb-iso/.github/workflows/conflict-main.yml@refs/heads/main
@@JWT|runtime|trust_tier|2
@@JWT|runtime|plan_id|c653e37a-b4e0-4de2-8882-d3948af02b2d
@@JWT|runtime|billing_owner_id|U_kgDOEUO91A
@@JWTALL|runtime|IdentityTypeClaim|System:ServiceIdentity
@@JWTALL|runtime|ac|[{"Scope":"refs/heads/main","Permission":3}]
@@JWTALL|runtime|acsl|10
@@JWTALL|runtime|oidc_extra|{"actor":"darrocarocatest-sys","actor_id":"289652180","base_ref":"","check_run_id":"89912616522","event_name":"workflow_dispatch","head_ref":"","job_workflow_ref":"darrocarocatest-sys/cb-iso/.github/workflows/conflict-main.yml@refs/heads/main","job_workflow_sha":"9b057a62d37fb3971b56285af64f5ed0e64700c3","ref":"refs/heads/main","ref_protected":"false","ref_type":"branch","repository":"darrocarocatest-sys/cb-iso","repository_id":"1313533001","repository_owner":"darrocarocatest-sys","repository_owner_id":"289652180","repository_visibility":"public","run_attempt":"1","run_id":"30245845106","run_number":"1","runner_environment":"github-hosted","sha":"9b057a62d37fb3971b56285af64f5ed0e64700c3","workflow":"conflict-main","workflow_ref":"darrocarocatest-sys/cb-iso/.github/workflows/conflict-main.yml@refs/heads/main","workflow_sha":"9b057a62d37fb3971b56285af64f5ed0e64700c3"}
@@JWTALL|runtime|run_type|full
@@JWTALL|runtime|runner_type|hosted
@@JWTALL|runtime|scp|Actions.Results:c653e37a-b4e0-4de2-8882-d3948af02b2d:0ebb61e1-175d-57cd-b8d5-254060788828 Actions.Runner:c653e37a-b4e0-4de2-8882-d3948af02b2d:0ebb61e1-175d-57cd-b8d5-254060788828 Actions.UploadArtifacts:c653e37a-b4e0-4de2-8882-d3948af02b2d:0ebb61e1-175d-57cd-b8d5-254060788828 generate_id_token:c653e37a-b4e0-4de2-8882-d3948af02b2d:0ebb61e1-175d-57cd-b8d5-254060788828 Actions.GenericRead:00000000-0000-0000-0000-000000000000
@@JWTALL|runtime|trust_tier|2
@@P|CFL-poscontrol-own-prior|409|{"code":"already_exists","msg":"cache entry with the same key, version, and scope already exists"}|req={"key":"cbmain-raw-a7136383","version":"0000000000000000000000000000000000000000000000000000000000000001"}
@@P|CFL-negcontrol-untouched|200|{"ok":true,"signed_upload_url":"<SIGNED productionresultssa16.blob.core.windows.net/actions-cache/04b-6076479655 len=387>","message":""}|req={"key":"cbuntouched-a7136383-1785136885368","version":"0000000000000000000000000000000000000000000000000000000000000001"}
@@P|CFL-cbfork-plain-a7136383|200|{"ok":true,"signed_upload_url":"<SIGNED productionresultssa3.blob.core.windows.net/actions-cache/615-6076479697 len=388>","message":""}|req={"key":"cbfork-plain-a7136383","version":"0000000000000000000000000000000000000000000000000000000000000001"}
@@P|CFL-cbfork-st-scope-a7136383|200|{"ok":true,"signed_upload_url":"<SIGNED productionresultssa16.blob.core.windows.net/actions-cache/d5c-6076479735 len=389>","message":""}|req={"key":"cbfork-st-scope-a7136383","version":"0000000000000000000000000000000000000000000000000000000000000001"}
@@P|CFL-cbfork-st-ref-a7136383|200|{"ok":true,"signed_upload_url":"<SIGNED productionresultssa9.blob.core.windows.net/actions-cache/34b-6076479782 len=390>","message":""}|req={"key":"cbfork-st-ref-a7136383","version":"0000000000000000000000000000000000000000000000000000000000000001"}
@@P|CFL-cbfork-st-cacheScope-a7136383|200|{"ok":true,"signed_upload_url":"<SIGNED productionresultssa13.blob.core.windows.net/actions-cache/959-6076479828 len=387>","message":""}|req={"key":"cbfork-st-cacheScope-a7136383","version":"0000000000000000000000000000000000000000000000000000000000000001"}
@@P|CFL-cbfork-st-branch-a7136383|200|{"ok":true,"signed_upload_url":"<SIGNED productionresultssa14.blob.core.windows.net/actions-cache/f88-6076479876 len=387>","message":""}|req={"key":"cbfork-st-branch-a7136383","version":"0000000000000000000000000000000000000000000000000000000000000001"}
@@P|CFL-cbfork-st-gitRef-a7136383|200|{"ok":true,"signed_upload_url":"<SIGNED productionresultssa6.blob.core.windows.net/actions-cache/4a6-6076479909 len=388>","message":""}|req={"key":"cbfork-st-gitRef-a7136383","version":"0000000000000000000000000000000000000000000000000000000000000001"}
@@P|CFL-cbfork-st-scopeRef-a7136383|200|{"ok":true,"signed_upload_url":"<SIGNED productionresultssa18.blob.core.windows.net/actions-cache/e12-6076479947 len=387>","message":""}|req={"key":"cbfork-st-scopeRef-a7136383","version":"0000000000000000000000000000000000000000000000000000000000000001"}
@@P|CFL-cbfork-st-restoreKeys-a7136383|200|{"ok":true,"signed_upload_url":"<SIGNED productionresultssa6.blob.core.windows.net/actions-cache/303-6076479994 len=388>","message":""}|req={"key":"cbfork-st-restoreKeys-a7136383","version":"0000000000000000000000000000000000000000000000000000000000000001"}
@@P|CFL-cbfork-st-permission-a7136383|200|{"ok":true,"signed_upload_url":"<SIGNED productionresultssa17.blob.core.windows.net/actions-cache/bb7-6076480045 len=387>","message":""}|req={"key":"cbfork-st-permission-a7136383","version":"0000000000000000000000000000000000000000000000000000000000000001"}
@@P|CFL-cbfork-st-workflowRunBackendId-a7136383|200|{"ok":true,"signed_upload_url":"<SIGNED productionresultssa2.blob.core.windows.net/actions-cache/781-6076480090 len=390>","message":""}|req={"key":"cbfork-st-workflowRunBackendId-a7136383","version":"0000000000000000000000000000000000000000000000000000000000000001"}
@@P|CFL-cbfork-st-ctj-a7136383|200|{"ok":true,"signed_upload_url":"<SIGNED productionresultssa9.blob.core.windows.net/actions-cache/96d-6076480132 len=386>","message":""}|req={"key":"cbfork-st-ctj-a7136383","version":"0000000000000000000000000000000000000000000000000000000000000001"}
@@P|CFL-cbfork-h-x-scope-a7136383|200|{"ok":true,"signed_upload_url":"<SIGNED productionresultssa17.blob.core.windows.net/actions-cache/a7e-6076480169 len=389>","message":""}|req={"key":"cbfork-h-x-scope-a7136383","version":"0000000000000000000000000000000000000000000000000000000000000001"}
@@P|CFL-cbfork-h-x-ref-a7136383|200|{"ok":true,"signed_upload_url":"<SIGNED productionresultssa11.blob.core.windows.net/actions-cache/4ac-6076480208 len=389>","message":""}|req={"key":"cbfork-h-x-ref-a7136383","version":"0000000000000000000000000000000000000000000000000000000000000001"}
@@P|CFL-cbfork-h-x-branch-a7136383|200|{"ok":true,"signed_upload_url":"<SIGNED productionresultssa0.blob.core.windows.net/actions-cache/29c-6076480247 len=386>","message":""}|req={"key":"cbfork-h-x-branch-a7136383","version":"0000000000000000000000000000000000000000000000000000000000000001"}
@@P|CFLLEG-cbfork-plain-a7136383|400|<h2>Our services aren't available right now</h2><p>We're working to restore all services as soon as possible. Please check back soon.</p>09gZnagAAAAAH03d0SJi3QKLl2DvypnRVU1RCRURHRTA0MjEARWRnZQ==
@@P|CFLLEG-cbfork-st-scope-a7136383|400|<h2>Our services aren't available right now</h2><p>We're working to restore all services as soon as possible. Please check back soon.</p>09gZnagAAAABLDTp33+/MR75vbnX5MXgBU1RCRURHRTA0MjEARWRnZQ==
@@P|CFLLEG-cbfork-st-ref-a7136383|400|<h2>Our services aren't available right now</h2><p>We're working to restore all services as soon as possible. Please check back soon.</p>09gZnagAAAABRQObZ7mFjS7z8tfdfutS4U1RCRURHRTA0MjEARWRnZQ==
@@P|CFLLEG-cbfork-st-cacheScope-a7136383|400|<h2>Our services aren't available right now</h2><p>We're working to restore all services as soon as possible. Please check back soon.</p>09gZnagAAAAA1MiZ+mcSNQ4DMBIECzzZFU1RCRURHRTA0MjEARWRnZQ==
@@GH|CFL-list-caches|200|{"total_count":9,"actions_caches":[{"id":6076384753,"ref":"refs/pull/1/merge","key":"cbacpr-a7136383-W3siU2NvcGUiOiJyZWZzL3B1bGwvMS9tZXJnZSIsIlBlcm1pc3Npb24iOjN9LHsiU2NvcGUiOiJyZWZzL2hlYWRzL21haW4iLCJQZXJtaXNzaW9uIjoxfV0","version":"5815f4cade2696c8503fee1d72b56e6a4771a264cc2753c24c189700109b0e08","last_accessed_at":"2026-07-27T07:17:48.697062000Z","created_at":"2026-07-27T07:17:48.697062000Z","size_in_bytes":346},{"