@@ENV|mode|pr|nonce|a7136383
@@ENV|repo|darrocarocatest-sys/cb-iso|ref|refs/tags/cbtag2|headref||baseref|
@@ENV|event|push|sha|80a4549ab73df6489971cb5ce3e39765ee0f5c09|runid|30247041468|actor|darrocarocatest-sys
@@ENV|results|https://results-receiver.actions.githubusercontent.com|cacheurl|https://artifactcache.actions.githubusercontent.com/VAcFmnBQNu0BOrRLuiJmm4yoHiIecqusC69Uo2HrfDxIOIlovh|cachev2|True
@@JWT|runtime|claimnames|IdentityTypeClaim,ac,acsl,aud,billing_owner_id,exp,http://schemas.microsoft.com/ws/2008/06/identity/claims/primarysid,http://schemas.xmlsoap.org/ws/2005/05/identity/claims/sid,iat,iss,job_id,job_workflow_ref,job_workflow_sha,nameid,nbf,orch_id,owner_id,plan_id,repository_id,repository_owner_id,repository_visibility,run_id,run_number,run_type,runner_id,runner_type,scp,sha,trust_tier
@@JWT|runtime|iss|https://token.actions.githubusercontent.com
@@JWT|runtime|aud|vso:95d9af0d-dc64-4302-9f98-24987cb23901
@@JWT|runtime|exp|1785160277
@@JWT|runtime|ac|[{"Scope":"refs/heads/refs/tags/cbtag2","Permission":3},{"Scope":"refs/heads/main","Permission":1}]
@@JWT|runtime|scp|Actions.Results:e4ff885e-59bc-4f88-9dc9-4560aa69f444:eb1a8b4c-4e46-51a9-a6a6-0f3a4549e475 Actions.Runner:e4ff885e-59bc-4f88-9dc9-4560aa69f444:eb1a8b4c-4e46-51a9-a6a6-0f3a4549e475 Actions.UploadArtifacts:e4ff885e-59bc-4f88-9dc9-4560aa69f444:eb1a8b4c-4e46-51a9-a6a6-0f3a4549e475 Actions.GenericRead:00000000-0000-0000-0000-000000000000
@@JWT|runtime|repository_id|1313533001
@@JWT|runtime|owner_id|U_kgDOEUO91A
@@JWT|runtime|repository_owner_id|289652180
@@JWT|runtime|repository_visibility|public
@@JWT|runtime|run_id|30247041468
@@JWT|runtime|job_id|eb1a8b4c-4e46-51a9-a6a6-0f3a4549e475
@@JWT|runtime|job_workflow_ref|darrocarocatest-sys/cb-iso/.github/workflows/mq-probe.yml@refs/tags/cbtag2
@@JWT|runtime|trust_tier|2
@@JWT|runtime|plan_id|e4ff885e-59bc-4f88-9dc9-4560aa69f444
@@JWT|runtime|billing_owner_id|U_kgDOEUO91A
@@JWTALL|runtime|IdentityTypeClaim|System:ServiceIdentity
@@JWTALL|runtime|ac|[{"Scope":"refs/heads/refs/tags/cbtag2","Permission":3},{"Scope":"refs/heads/main","Permission":1}]
@@JWTALL|runtime|acsl|10
@@JWTALL|runtime|run_type|full
@@JWTALL|runtime|runner_type|hosted
@@JWTALL|runtime|scp|Actions.Results:e4ff885e-59bc-4f88-9dc9-4560aa69f444:eb1a8b4c-4e46-51a9-a6a6-0f3a4549e475 Actions.Runner:e4ff885e-59bc-4f88-9dc9-4560aa69f444:eb1a8b4c-4e46-51a9-a6a6-0f3a4549e475 Actions.UploadArtifacts:e4ff885e-59bc-4f88-9dc9-4560aa69f444:eb1a8b4c-4e46-51a9-a6a6-0f3a4549e475 Actions.GenericRead:00000000-0000-0000-0000-000000000000
@@JWTALL|runtime|trust_tier|2
@@P|PR-legacy-get-mainkey|400|<h2>Our services aren't available right now</h2><p>We're working to restore all services as soon as possible. Please check back soon.</p>0oQtnagAAAACd5FmJq9HuQ6GKaNordVaHTVNQMzExMDAwMTA2MDIzAEVkZ2U=
@@P|PR-legacy-reserve|400|<h2>Our services aren't available right now</h2><p>We're working to restore all services as soon as possible. Please check back soon.</p>0oQtnagAAAABzZOX/mdDOQoqLkooG4/X7TVNQMzExMDAwMTA2MDIzAEVkZ2U=
@@P|PR-legacy-reserve-scoped|400|<h2>Our services aren't available right now</h2><p>We're working to restore all services as soon as possible. Please check back soon.</p>0oQtnagAAAADKGTvF6r/PTLSJWx/nQ9DcTVNQMzExMDAwMTA2MDIzAEVkZ2U=
@@P|PR-create-plain|200|{"ok":true,"signed_upload_url":"<SIGNED productionresultssa9.blob.core.windows.net/actions-cache/677-6076954734 len=388>","message":""}|req={"key":"cbfork-plain-a7136383","version":"0000000000000000000000000000000000000000000000000000000000000001"}
@@P|PR-steer-scope|200|{"ok":true,"signed_upload_url":"<SIGNED productionresultssa5.blob.core.windows.net/actions-cache/fb8-6076954756 len=394>","message":""}|req={"key":"cbfork-st-scope-a7136383","version":"0000000000000000000000000000000000000000000000000000000000000001","scope":"refs/heads/main"}
@@P|PR-steer-ref|200|{"ok":true,"signed_upload_url":"<SIGNED productionresultssa3.blob.core.windows.net/actions-cache/a1a-6076954766 len=386>","message":""}|req={"key":"cbfork-st-ref-a7136383","version":"0000000000000000000000000000000000000000000000000000000000000001","ref":"refs/heads/main"}
@@P|PR-steer-cacheScope|200|{"ok":true,"signed_upload_url":"<SIGNED productionresultssa17.blob.core.windows.net/actions-cache/dbb-6076954782 len=393>","message":""}|req={"key":"cbfork-st-cacheScope-a7136383","version":"0000000000000000000000000000000000000000000000000000000000000001","cacheScope":"refs/heads/main"}
@@P|PR-steer-branch|200|{"ok":true,"signed_upload_url":"<SIGNED productionresultssa12.blob.core.windows.net/actions-cache/771-6076954804 len=387>","message":""}|req={"key":"cbfork-st-branch-a7136383","version":"0000000000000000000000000000000000000000000000000000000000000001","branch":"main"}
@@P|PR-steer-gitRef|200|{"ok":true,"signed_upload_url":"<SIGNED productionresultssa17.blob.core.windows.net/actions-cache/052-6076954825 len=389>","message":""}|req={"key":"cbfork-st-gitRef-a7136383","version":"0000000000000000000000000000000000000000000000000000000000000001","gitRef":"refs/heads/main"}
@@P|PR-steer-scopeRef|200|{"ok":true,"signed_upload_url":"<SIGNED productionresultssa4.blob.core.windows.net/actions-cache/460-6076954835 len=388>","message":""}|req={"key":"cbfork-st-scopeRef-a7136383","version":"0000000000000000000000000000000000000000000000000000000000000001","scopeRef":"refs/heads/main"}
@@P|PR-steer-restoreKeys|200|{"ok":true,"signed_upload_url":"<SIGNED productionresultssa17.blob.core.windows.net/actions-cache/632-6076954849 len=391>","message":""}|req={"key":"cbfork-st-restoreKeys-a7136383","version":"0000000000000000000000000000000000000000000000000000000000000001","restoreKeys":["refs/heads/main"]}
@@P|PR-steer-permission|200|{"ok":true,"signed_upload_url":"<SIGNED productionresultssa10.blob.core.windows.net/actions-cache/1e5-6076954864 len=389>","message":""}|req={"key":"cbfork-st-permission-a7136383","version":"0000000000000000000000000000000000000000000000000000000000000001","permission":3}
@@P|PR-steer-workflowRunBackendId|200|{"ok":true,"signed_upload_url":"<SIGNED productionresultssa15.blob.core.windows.net/actions-cache/486-6076954887 len=389>","message":""}|req={"key":"cbfork-st-workflowRunBackendId-a7136383","version":"0000000000000000000000000000000000000000000000000000000000000001","workflowRunBackendId":"00000000-0000-0000-0000-000000000000"}
@@P|PR-steer-scope-ct-json-utf8|200|{"ok":true,"signed_upload_url":"<SIGNED productionresultssa16.blob.core.windows.net/actions-cache/f88-6076954916 len=389>","message":""}|req={"key":"cbfork-st-ctj-a7136383","version":"0000000000000000000000000000000000000000000000000000000000000001","scope":"refs/heads/main"}
@@P|PR-hdr-x-scope|200|{"ok":true,"signed_upload_url":"<SIGNED productionresultssa13.blob.core.windows.net/actions-cache/965-6076954927 len=387>","message":""}|req={"key":"cbfork-h-x-scope-a7136383","version":"0000000000000000000000000000000000000000000000000000000000000001"}
@@P|PR-hdr-x-ref|200|{"ok":true,"signed_upload_url":"<SIGNED productionresultssa2.blob.core.windows.net/actions-cache/87a-6076954958 len=390>","message":""}|req={"key":"cbfork-h-x-ref-a7136383","version":"0000000000000000000000000000000000000000000000000000000000000001"}
@@P|PR-hdr-x-branch|200|{"ok":true,"signed_upload_url":"<SIGNED productionresultssa19.blob.core.windows.net/actions-cache/211-6076954985 len=389>","message":""}|req={"key":"cbfork-h-x-branch-a7136383","version":"0000000000000000000000000000000000000000000000000000000000000001"}
@@P|PR-COLLIDE-reserve-mainkey-mainver|200|{"ok":true,"signed_upload_url":"<SIGNED productionresultssa13.blob.core.windows.net/actions-cache/5ae-6076955003 len=395>","message":""}|req={"key":"cbmain-a7136383","version":"5815f4cade2696c8503fee1d72b56e6a4771a264cc2753c24c189700109b0e08"}
@@P|PR-COLLIDE-reserve-mainkey-uppercase|200|{"ok":true,"signed_upload_url":"<SIGNED productionresultssa6.blob.core.windows.net/actions-cache/40d-6076955022 len=392>","message":""}|req={"key":"CBMAIN-A7136383","version":"5815f4cade2696c8503fee1d72b56e6a4771a264cc2753c24c189700109b0e08"}
@@P|PR-COLLIDE-read-mainkey-uppercase|200|{"ok":false,"signed_download_url":"","matched_key":""}|req={"key":"CBMAIN-A7136383","version":"5815f4cade2696c8503fee1d72b56e6a4771a264cc2753c24c189700109b0e08"}
@@P|PR-COLLIDE-read-mainver-uppercase|200|{"ok":true,"signed_download_url":"<SIGNED productionresultssa10.blob.core.windows.net/actions-cache/9a5-6076952726 len=388>","matched_key":"cbmain-a7136383"}|req={"key":"cbmain-a7136383","version":"5815F4CADE2696C8503FEE1D72B56E6A4771A264CC2753C24C189700109B0E08"}
@@P|SIB-siblingPR|200|{"ok":false,"signed_download_url":"","matched_key":""}|req={"key":"cbpr-a7136383-exact","version":"5815f4cade2696c8503fee1d72b56e6a4771a264cc2753c24c189700109b0e08"}
@@P|SIB-siblingBranch|200|{"ok":false,"signed_download_url":"","matched_key":""}|req={"key":"cbtarget-a7136383-exact","version":"5815f4cade2696c8503fee1d72b56e6a4771a264cc2753c24c189700109b0e08"}
@@P|SIB-siblingEvil|200|{"ok":false,"signed_download_url":"","matched_key":""}|req={"key":"cbpfx-a7136383-exact","version":"5815f4cade2696c8503fee1d72b56e6a4771a264cc2753c24c189700109b0e08"}
@@P|SIB-poscontrol-base|200|{"ok":true,"signed_download_url":"<SIGNED productionresultssa10.blob.core.windows.net/actions-cache/9a5-6076952726 len=392>","matched_key":"cbmain-a7136383"}|req={"key":"cbmain-a7136383","version":"5815f4cade2696c8503fee1d72b56e6a4771a264cc2753c24c189700109b0e08"}
@@P|SIB-negcontrol-never|200|{"ok":false,"signed_download_url":"","matched_key":""}|req={"key":"cbnever-a7136383","version":"5815f4cade2696c8503fee1d72b56e6a4771a264cc2753c24c189700109b0e08"}
@@P|SIB-pfx-cbpr|200|{"ok":false,"signed_download_url":"","matched_key":""}|req={"key":"zzz-miss-a7136383-pfx-cbpr","restoreKeys":["cbpr-"],"version":"5815f4cade2696c8503fee1d72b56e6a4771a264cc2753c24c189700109b0e08"}
@@P|SIB-pfx-cbtarget|200|{"ok":false,"signed_download_url":"","matched_key":""}|req={"key":"zzz-miss-a7136383-pfx-cbtarget","restoreKeys":["cbtarget-"],"version":"5815f4cade2696c8503fee1d72b56e6a4771a264cc2753c24c189700109b0e08"}
@@P|SIB-pfx-cbpfx|200|{"ok":false,"signed_download_url":"","matched_key":""}|req={"key":"zzz-miss-a7136383-pfx-cbpfx","restoreKeys":["cbpfx-"],"version":"5815f4cade2696c8503fee1d72b56e6a4771a264cc2753c24c189700109b0e08"}
@@P|SIB-pfx-broad|200|{"ok":true,"signed_download_url":"<SIGNED productionresultssa10.blob.core.windows.net/actions-cache/9a5-6076952726 len=388>","matched_key":"cbmain-a7136383"}|req={"key":"zzz-miss-a7136383-pfx-broad","restoreKeys":["cb"],"version":"5815f4cade2696c8503fee1d72b56e6a4771a264cc2753c24c189700109b0e08"}
@@P|SIB-pfx-empty|200|{"ok":true,"signed_download_url":"<SIGNED productionresultssa10.blob.core.windows.net/actions-cache/9a5-6076952726 len=388>","matched_key":"cbmain-a7136383"}|req={"key":"zzz-miss-a7136383-pfx-empty","restoreKeys":[""],"version":"5815f4cade2696c8503fee1d72b56e6a4771a264cc2753c24c189700109b0e08"}
@@P|TAGNS-read-tag-entry|200|{"ok":false,"signed_download_url":"","matched_key":""}|req={"key":"cbtagns-a7136383","version":"5815f4cade2696c8503fee1d72b56e6a4771a264cc2753c24c189700109b0e08"}
@@P|TAGNS-reserve-tag-entry|200|{"ok":true,"signed_upload_url":"<SIGNED productionresultssa2.blob.core.windows.net/actions-cache/f60-6076955216 len=388>","message":""}|req={"key":"cbtagns-a7136383","version":"5815f4cade2696c8503fee1d72b56e6a4771a264cc2753c24c189700109b0e08"}
@@P|PR-read-mainkey-exact|200|{"ok":true,"signed_download_url":"<SIGNED productionresultssa10.blob.core.windows.net/actions-cache/9a5-6076952726 len=392>","matched_key":"cbmain-a7136383"}|req={"key":"cbmain-a7136383","version":"5815f4cade2696c8503fee1d72b56e6a4771a264cc2753c24c189700109b0e08"}
@@P|PR-read-mainkey-restorekeys|200|{"ok":true,"signed_download_url":"<SIGNED productionresultssa10.blob.core.windows.net/actions-cache/9a5-6076952726 len=390>","matched_key":"cbmain-a7136383"}|req={"key":"zzz-no-such-a7136383","restoreKeys":["cbmain-a7136"],"version":"5815f4cade2696c8503fee1d72b56e6a4771a264cc2753c24c189700109b0e08"}
@@P|PR-read-neverwritten|200|{"ok":false,"signed_download_url":"","matched_key":""}|req={"key":"cbnever-a7136383","version":"0000000000000000000000000000000000000000000000000000000000000001"}
@@GH|PR-del-bykey|403|{"message":"Resource not accessible by integration","documentation_url":"https://docs.github.com/rest/actions/cache#delete-github-actions-caches-for-a-repository-using-a-cache-key","status":"403"}
@@GH|PR-list-caches|200|{"total_count":25,"actions_caches":[{"id":6076952726,"ref":"refs/heads/main","key":"cbmain-a7136383","version":"5815f4cade2696c8503fee1d72b56e6a4771a264cc2753c24c189700109b0e08","last_accessed_at":"2026-07-27T07:41:23.189804000Z","created_at":"2026-07-27T07:41:16.406047000Z","size_in_bytes":326},{"id":6076676252,"ref":"refs/pull/3/merge","key":"cbacpr-a7136383-W3siU2NvcGUiOiJyZWZzL3B1bGwvMy9tZXJnZSIsIlBlcm1pc3Npb24iO
@@P|PR-legacy-get|400|<h2>Our services aren't available right now</h2><p>We're working to restore all services as soon as possible. Please check back soon.</p>0owtnagAAAABMUifujPqBT5yDOa8TpmbTTVNQMzExMDAwMTA2MDIzAEVkZ2U=
@@P|PR-legacy-reserve|400|<h2>Our services aren't available right now</h2><p>We're working to restore all services as soon as possible. Please check back soon.</p>0owtnagAAAAAAeVhKS9Q9Q6PxAFB7f672TVNQMzExMDAwMTA2MDIzAEVkZ2U=