@@ENV|mode|pr|nonce|a7136383
@@ENV|repo|darrocarocatest-sys/cb-iso|ref|refs/heads/main-evil|headref||baseref|
@@ENV|event|push|sha|c5bcd12384e2f4590a674ffaed70e9202643dddf|runid|30246141431|actor|darrocarocatest-sys
@@ENV|results|https://results-receiver.actions.githubusercontent.com|cacheurl|https://artifactcache.actions.githubusercontent.com/VAcFmnBQNu0BOrRLuiJmm4yoHiIecqusC69Uo2HrfDxIOIlovh|cachev2|True
@@JWT|runtime|claimnames|IdentityTypeClaim,ac,acsl,aud,billing_owner_id,exp,http://schemas.microsoft.com/ws/2008/06/identity/claims/primarysid,http://schemas.xmlsoap.org/ws/2005/05/identity/claims/sid,iat,iss,job_id,job_workflow_ref,job_workflow_sha,nameid,nbf,orch_id,owner_id,plan_id,repository_id,repository_owner_id,repository_visibility,run_id,run_number,run_type,runner_id,runner_type,scp,sha,trust_tier
@@JWT|runtime|iss|https://token.actions.githubusercontent.com
@@JWT|runtime|aud|vso:95d9af0d-dc64-4302-9f98-24987cb23901
@@JWT|runtime|exp|1785159370
@@JWT|runtime|ac|[{"Scope":"refs/heads/main-evil","Permission":3},{"Scope":"refs/heads/main","Permission":1}]
@@JWT|runtime|scp|Actions.Results:c9ead83b-58b2-4c89-9242-a8301a5fbea8:b5f8aa01-cc59-5005-b166-3d9b98e4900a Actions.Runner:c9ead83b-58b2-4c89-9242-a8301a5fbea8:b5f8aa01-cc59-5005-b166-3d9b98e4900a Actions.UploadArtifacts:c9ead83b-58b2-4c89-9242-a8301a5fbea8:b5f8aa01-cc59-5005-b166-3d9b98e4900a Actions.GenericRead:00000000-0000-0000-0000-000000000000
@@JWT|runtime|repository_id|1313533001
@@JWT|runtime|owner_id|U_kgDOEUO91A
@@JWT|runtime|repository_owner_id|289652180
@@JWT|runtime|repository_visibility|public
@@JWT|runtime|run_id|30246141431
@@JWT|runtime|job_id|b5f8aa01-cc59-5005-b166-3d9b98e4900a
@@JWT|runtime|job_workflow_ref|darrocarocatest-sys/cb-iso/.github/workflows/branch-probe.yml@refs/heads/main-evil
@@JWT|runtime|trust_tier|2
@@JWT|runtime|plan_id|c9ead83b-58b2-4c89-9242-a8301a5fbea8
@@JWT|runtime|billing_owner_id|U_kgDOEUO91A
@@JWTALL|runtime|IdentityTypeClaim|System:ServiceIdentity
@@JWTALL|runtime|ac|[{"Scope":"refs/heads/main-evil","Permission":3},{"Scope":"refs/heads/main","Permission":1}]
@@JWTALL|runtime|acsl|10
@@JWTALL|runtime|run_type|full
@@JWTALL|runtime|runner_type|hosted
@@JWTALL|runtime|scp|Actions.Results:c9ead83b-58b2-4c89-9242-a8301a5fbea8:b5f8aa01-cc59-5005-b166-3d9b98e4900a Actions.Runner:c9ead83b-58b2-4c89-9242-a8301a5fbea8:b5f8aa01-cc59-5005-b166-3d9b98e4900a Actions.UploadArtifacts:c9ead83b-58b2-4c89-9242-a8301a5fbea8:b5f8aa01-cc59-5005-b166-3d9b98e4900a Actions.GenericRead:00000000-0000-0000-0000-000000000000
@@JWTALL|runtime|trust_tier|2
@@P|PR-legacy-get-mainkey|400|<h2>Our services aren't available right now</h2><p>We're working to restore all services as soon as possible. Please check back soon.</p>0FAhnagAAAADbuknVK54fRIpmm13ieCIWTVNQMzExMDAwMTAzMDI1AEVkZ2U=
@@P|PR-legacy-reserve|400|<h2>Our services aren't available right now</h2><p>We're working to restore all services as soon as possible. Please check back soon.</p>0FAhnagAAAAB6wV+ndGIATZV8Buh6RwMRTVNQMzExMDAwMTAzMDI1AEVkZ2U=
@@P|PR-legacy-reserve-scoped|400|<h2>Our services aren't available right now</h2><p>We're working to restore all services as soon as possible. Please check back soon.</p>0FAhnagAAAABm4xi6Hn0NRZfGGZNSBBTDTVNQMzExMDAwMTAzMDI1AEVkZ2U=
@@P|PR-create-plain|409|{"code":"already_exists","msg":"cache entry with the same key, version, and scope already exists"}|req={"key":"cbfork-plain-a7136383","version":"0000000000000000000000000000000000000000000000000000000000000001"}
@@P|PR-steer-scope|409|{"code":"already_exists","msg":"cache entry with the same key, version, and scope already exists"}|req={"key":"cbfork-st-scope-a7136383","version":"0000000000000000000000000000000000000000000000000000000000000001","scope":"refs/heads/main"}
@@P|PR-steer-ref|409|{"code":"already_exists","msg":"cache entry with the same key, version, and scope already exists"}|req={"key":"cbfork-st-ref-a7136383","version":"0000000000000000000000000000000000000000000000000000000000000001","ref":"refs/heads/main"}
@@P|PR-steer-cacheScope|409|{"code":"already_exists","msg":"cache entry with the same key, version, and scope already exists"}|req={"key":"cbfork-st-cacheScope-a7136383","version":"0000000000000000000000000000000000000000000000000000000000000001","cacheScope":"refs/heads/main"}
@@P|PR-steer-branch|409|{"code":"already_exists","msg":"cache entry with the same key, version, and scope already exists"}|req={"key":"cbfork-st-branch-a7136383","version":"0000000000000000000000000000000000000000000000000000000000000001","branch":"main"}
@@P|PR-steer-gitRef|409|{"code":"already_exists","msg":"cache entry with the same key, version, and scope already exists"}|req={"key":"cbfork-st-gitRef-a7136383","version":"0000000000000000000000000000000000000000000000000000000000000001","gitRef":"refs/heads/main"}
@@P|PR-steer-scopeRef|409|{"code":"already_exists","msg":"cache entry with the same key, version, and scope already exists"}|req={"key":"cbfork-st-scopeRef-a7136383","version":"0000000000000000000000000000000000000000000000000000000000000001","scopeRef":"refs/heads/main"}
@@P|PR-steer-restoreKeys|409|{"code":"already_exists","msg":"cache entry with the same key, version, and scope already exists"}|req={"key":"cbfork-st-restoreKeys-a7136383","version":"0000000000000000000000000000000000000000000000000000000000000001","restoreKeys":["refs/heads/main"]}
@@P|PR-steer-permission|409|{"code":"already_exists","msg":"cache entry with the same key, version, and scope already exists"}|req={"key":"cbfork-st-permission-a7136383","version":"0000000000000000000000000000000000000000000000000000000000000001","permission":3}
@@P|PR-steer-workflowRunBackendId|409|{"code":"already_exists","msg":"cache entry with the same key, version, and scope already exists"}|req={"key":"cbfork-st-workflowRunBackendId-a7136383","version":"0000000000000000000000000000000000000000000000000000000000000001","workflowRunBackendId":"00000000-0000-0000-0000-000000000000"}
@@P|PR-steer-scope-ct-json-utf8|409|{"code":"already_exists","msg":"cache entry with the same key, version, and scope already exists"}|req={"key":"cbfork-st-ctj-a7136383","version":"0000000000000000000000000000000000000000000000000000000000000001","scope":"refs/heads/main"}
@@P|PR-hdr-x-scope|409|{"code":"already_exists","msg":"cache entry with the same key, version, and scope already exists"}|req={"key":"cbfork-h-x-scope-a7136383","version":"0000000000000000000000000000000000000000000000000000000000000001"}
@@P|PR-hdr-x-ref|409|{"code":"already_exists","msg":"cache entry with the same key, version, and scope already exists"}|req={"key":"cbfork-h-x-ref-a7136383","version":"0000000000000000000000000000000000000000000000000000000000000001"}
@@P|PR-hdr-x-branch|409|{"code":"already_exists","msg":"cache entry with the same key, version, and scope already exists"}|req={"key":"cbfork-h-x-branch-a7136383","version":"0000000000000000000000000000000000000000000000000000000000000001"}
@@P|PR-COLLIDE-reserve-mainkey-mainver|409|{"code":"already_exists","msg":"cache entry with the same key, version, and scope already exists"}|req={"key":"cbmain-a7136383","version":"5815f4cade2696c8503fee1d72b56e6a4771a264cc2753c24c189700109b0e08"}
@@P|PR-COLLIDE-reserve-mainkey-uppercase|200|{"ok":true,"signed_upload_url":"<SIGNED productionresultssa14.blob.core.windows.net/actions-cache/b4d-6076601662 len=387>","message":""}|req={"key":"CBMAIN-A7136383","version":"5815f4cade2696c8503fee1d72b56e6a4771a264cc2753c24c189700109b0e08"}
@@P|PR-COLLIDE-read-mainkey-uppercase|200|{"ok":false,"signed_download_url":"","matched_key":""}|req={"key":"CBMAIN-A7136383","version":"5815f4cade2696c8503fee1d72b56e6a4771a264cc2753c24c189700109b0e08"}
@@P|PR-COLLIDE-read-mainver-uppercase|200|{"ok":true,"signed_download_url":"<SIGNED productionresultssa1.blob.core.windows.net/actions-cache/922-6076510849 len=391>","matched_key":"cbmain-a7136383"}|req={"key":"cbmain-a7136383","version":"5815F4CADE2696C8503FEE1D72B56E6A4771A264CC2753C24C189700109B0E08"}
@@P|PR-read-mainkey-exact|200|{"ok":true,"signed_download_url":"<SIGNED productionresultssa1.blob.core.windows.net/actions-cache/922-6076510849 len=387>","matched_key":"cbmain-a7136383"}|req={"key":"cbmain-a7136383","version":"5815f4cade2696c8503fee1d72b56e6a4771a264cc2753c24c189700109b0e08"}
@@P|PR-read-mainkey-restorekeys|200|{"ok":true,"signed_download_url":"<SIGNED productionresultssa1.blob.core.windows.net/actions-cache/922-6076510849 len=389>","matched_key":"cbmain-a7136383"}|req={"key":"zzz-no-such-a7136383","restoreKeys":["cbmain-a7136"],"version":"5815f4cade2696c8503fee1d72b56e6a4771a264cc2753c24c189700109b0e08"}
@@P|PR-read-neverwritten|200|{"ok":false,"signed_download_url":"","matched_key":""}|req={"key":"cbnever-a7136383","version":"0000000000000000000000000000000000000000000000000000000000000001"}
@@GH|PR-del-bykey|403|{"message":"Resource not accessible by integration","documentation_url":"https://docs.github.com/rest/actions/cache#delete-github-actions-caches-for-a-repository-using-a-cache-key","status":"403"}
@@GH|PR-list-caches|200|{"total_count":13,"actions_caches":[{"id":6076510849,"ref":"refs/heads/main-evil","key":"cbmain-a7136383","version":"5815f4cade2696c8503fee1d72b56e6a4771a264cc2753c24c189700109b0e08","last_accessed_at":"2026-07-27T07:26:13.811139000Z","created_at":"2026-07-27T07:22:37.081274000Z","size_in_bytes":332},{"id":6076511062,"ref":"refs/heads/main-evil","key":"cbacpfx-a7136383-W3siU2NvcGUiOiJyZWZzL2hlYWRzL21haW4tZXZpbCIsIlBl
@@P|PR-legacy-get|400|<h2>Our services aren't available right now</h2><p>We're working to restore all services as soon as possible. Please check back soon.</p>0FghnagAAAABmR7/7TXQGT6dRLyeDB//iTVNQMzExMDAwMTAzMDI1AEVkZ2U=
@@P|PR-legacy-reserve|400|<h2>Our services aren't available right now</h2><p>We're working to restore all services as soon as possible. Please check back soon.</p>0FghnagAAAADF/eEWDwpSRpIHUdrq8jWYTVNQMzExMDAwMTAzMDI1AEVkZ2U=