@@ENV|mode|pr|nonce|a7136383
@@ENV|repo|darrocarocatest-sys/cb-iso|ref|refs/heads/main-evil|headref||baseref|
@@ENV|event|push|sha|13c513dc8b03c603f9d71341819f6e921ab2e4e6|runid|30245914949|actor|darrocarocatest-sys
@@ENV|results|https://results-receiver.actions.githubusercontent.com|cacheurl|https://artifactcache.actions.githubusercontent.com/VAcFmnBQNu0BOrRLuiJmm4yoHiIecqusC69Uo2HrfDxIOIlovh|cachev2|True
@@JWT|runtime|claimnames|IdentityTypeClaim,ac,acsl,aud,billing_owner_id,exp,http://schemas.microsoft.com/ws/2008/06/identity/claims/primarysid,http://schemas.xmlsoap.org/ws/2005/05/identity/claims/sid,iat,iss,job_id,job_workflow_ref,job_workflow_sha,nameid,nbf,orch_id,owner_id,plan_id,repository_id,repository_owner_id,repository_visibility,run_id,run_number,run_type,runner_id,runner_type,scp,sha,trust_tier
@@JWT|runtime|iss|https://token.actions.githubusercontent.com
@@JWT|runtime|aud|vso:95d9af0d-dc64-4302-9f98-24987cb23901
@@JWT|runtime|exp|1785159150
@@JWT|runtime|ac|[{"Scope":"refs/heads/main-evil","Permission":3},{"Scope":"refs/heads/main","Permission":1}]
@@JWT|runtime|scp|Actions.Results:74cbf5c0-8312-43e5-a356-a41096e81573:4a798841-f288-517e-a7bb-c9fba8e82360 Actions.Runner:74cbf5c0-8312-43e5-a356-a41096e81573:4a798841-f288-517e-a7bb-c9fba8e82360 Actions.UploadArtifacts:74cbf5c0-8312-43e5-a356-a41096e81573:4a798841-f288-517e-a7bb-c9fba8e82360 Actions.GenericRead:00000000-0000-0000-0000-000000000000
@@JWT|runtime|repository_id|1313533001
@@JWT|runtime|owner_id|U_kgDOEUO91A
@@JWT|runtime|repository_owner_id|289652180
@@JWT|runtime|repository_visibility|public
@@JWT|runtime|run_id|30245914949
@@JWT|runtime|job_id|4a798841-f288-517e-a7bb-c9fba8e82360
@@JWT|runtime|job_workflow_ref|darrocarocatest-sys/cb-iso/.github/workflows/branch-probe.yml@refs/heads/main-evil
@@JWT|runtime|trust_tier|2
@@JWT|runtime|plan_id|74cbf5c0-8312-43e5-a356-a41096e81573
@@JWT|runtime|billing_owner_id|U_kgDOEUO91A
@@JWTALL|runtime|IdentityTypeClaim|System:ServiceIdentity
@@JWTALL|runtime|ac|[{"Scope":"refs/heads/main-evil","Permission":3},{"Scope":"refs/heads/main","Permission":1}]
@@JWTALL|runtime|acsl|10
@@JWTALL|runtime|run_type|full
@@JWTALL|runtime|runner_type|hosted
@@JWTALL|runtime|scp|Actions.Results:74cbf5c0-8312-43e5-a356-a41096e81573:4a798841-f288-517e-a7bb-c9fba8e82360 Actions.Runner:74cbf5c0-8312-43e5-a356-a41096e81573:4a798841-f288-517e-a7bb-c9fba8e82360 Actions.UploadArtifacts:74cbf5c0-8312-43e5-a356-a41096e81573:4a798841-f288-517e-a7bb-c9fba8e82360 Actions.GenericRead:00000000-0000-0000-0000-000000000000
@@JWTALL|runtime|trust_tier|2
@@P|PR-legacy-get-mainkey|400|<h2>Our services aren't available right now</h2><p>We're working to restore all services as soon as possible. Please check back soon.</p>0OAdnagAAAADdscAyQLDHQb57JcL/IU77TVNQMzExMDAwMTAyMDM1AEVkZ2U=
@@P|PR-legacy-reserve|400|<h2>Our services aren't available right now</h2><p>We're working to restore all services as soon as possible. Please check back soon.</p>0OAdnagAAAABNv5JZxJjoSZjYDwbQunjsTVNQMzExMDAwMTAyMDM1AEVkZ2U=
@@P|PR-legacy-reserve-scoped|400|<h2>Our services aren't available right now</h2><p>We're working to restore all services as soon as possible. Please check back soon.</p>0OAdnagAAAADEYJMtQCqNQYx/9BDUBDOHTVNQMzExMDAwMTAyMDM1AEVkZ2U=
@@P|PR-create-plain|200|{"ok":true,"signed_upload_url":"<SIGNED productionresultssa1.blob.core.windows.net/actions-cache/9a6-6076509209 len=388>","message":""}|req={"key":"cbfork-plain-a7136383","version":"0000000000000000000000000000000000000000000000000000000000000001"}
@@P|PR-steer-scope|200|{"ok":true,"signed_upload_url":"<SIGNED productionresultssa12.blob.core.windows.net/actions-cache/6f6-6076509226 len=387>","message":""}|req={"key":"cbfork-st-scope-a7136383","version":"0000000000000000000000000000000000000000000000000000000000000001","scope":"refs/heads/main"}
@@P|PR-steer-ref|200|{"ok":true,"signed_upload_url":"<SIGNED productionresultssa5.blob.core.windows.net/actions-cache/fe7-6076509248 len=388>","message":""}|req={"key":"cbfork-st-ref-a7136383","version":"0000000000000000000000000000000000000000000000000000000000000001","ref":"refs/heads/main"}
@@P|PR-steer-cacheScope|200|{"ok":true,"signed_upload_url":"<SIGNED productionresultssa18.blob.core.windows.net/actions-cache/91e-6076509270 len=389>","message":""}|req={"key":"cbfork-st-cacheScope-a7136383","version":"0000000000000000000000000000000000000000000000000000000000000001","cacheScope":"refs/heads/main"}
@@P|PR-steer-branch|200|{"ok":true,"signed_upload_url":"<SIGNED productionresultssa18.blob.core.windows.net/actions-cache/789-6076509299 len=389>","message":""}|req={"key":"cbfork-st-branch-a7136383","version":"0000000000000000000000000000000000000000000000000000000000000001","branch":"main"}
@@P|PR-steer-gitRef|200|{"ok":true,"signed_upload_url":"<SIGNED productionresultssa17.blob.core.windows.net/actions-cache/15a-6076509335 len=391>","message":""}|req={"key":"cbfork-st-gitRef-a7136383","version":"0000000000000000000000000000000000000000000000000000000000000001","gitRef":"refs/heads/main"}
@@P|PR-steer-scopeRef|200|{"ok":true,"signed_upload_url":"<SIGNED productionresultssa19.blob.core.windows.net/actions-cache/fd5-6076509358 len=389>","message":""}|req={"key":"cbfork-st-scopeRef-a7136383","version":"0000000000000000000000000000000000000000000000000000000000000001","scopeRef":"refs/heads/main"}
@@P|PR-steer-restoreKeys|200|{"ok":true,"signed_upload_url":"<SIGNED productionresultssa6.blob.core.windows.net/actions-cache/f40-6076509385 len=394>","message":""}|req={"key":"cbfork-st-restoreKeys-a7136383","version":"0000000000000000000000000000000000000000000000000000000000000001","restoreKeys":["refs/heads/main"]}
@@P|PR-steer-permission|200|{"ok":true,"signed_upload_url":"<SIGNED productionresultssa12.blob.core.windows.net/actions-cache/6d9-6076509408 len=389>","message":""}|req={"key":"cbfork-st-permission-a7136383","version":"0000000000000000000000000000000000000000000000000000000000000001","permission":3}
@@P|PR-steer-workflowRunBackendId|200|{"ok":true,"signed_upload_url":"<SIGNED productionresultssa11.blob.core.windows.net/actions-cache/0fd-6076509432 len=387>","message":""}|req={"key":"cbfork-st-workflowRunBackendId-a7136383","version":"0000000000000000000000000000000000000000000000000000000000000001","workflowRunBackendId":"00000000-0000-0000-0000-000000000000"}
@@P|PR-steer-scope-ct-json-utf8|200|{"ok":true,"signed_upload_url":"<SIGNED productionresultssa5.blob.core.windows.net/actions-cache/31d-6076509455 len=386>","message":""}|req={"key":"cbfork-st-ctj-a7136383","version":"0000000000000000000000000000000000000000000000000000000000000001","scope":"refs/heads/main"}
@@P|PR-hdr-x-scope|200|{"ok":true,"signed_upload_url":"<SIGNED productionresultssa17.blob.core.windows.net/actions-cache/92f-6076509481 len=387>","message":""}|req={"key":"cbfork-h-x-scope-a7136383","version":"0000000000000000000000000000000000000000000000000000000000000001"}
@@P|PR-hdr-x-ref|200|{"ok":true,"signed_upload_url":"<SIGNED productionresultssa3.blob.core.windows.net/actions-cache/d64-6076509508 len=386>","message":""}|req={"key":"cbfork-h-x-ref-a7136383","version":"0000000000000000000000000000000000000000000000000000000000000001"}
@@P|PR-hdr-x-branch|200|{"ok":true,"signed_upload_url":"<SIGNED productionresultssa10.blob.core.windows.net/actions-cache/ddf-6076509529 len=395>","message":""}|req={"key":"cbfork-h-x-branch-a7136383","version":"0000000000000000000000000000000000000000000000000000000000000001"}
@@P|PR-read-mainkey-exact|200|{"ok":true,"signed_download_url":"<SIGNED productionresultssa4.blob.core.windows.net/actions-cache/13f-6076271791 len=387>","matched_key":"cbmain-a7136383"}|req={"key":"cbmain-a7136383","version":"5815f4cade2696c8503fee1d72b56e6a4771a264cc2753c24c189700109b0e08"}
@@P|PR-read-mainkey-restorekeys|200|{"ok":true,"signed_download_url":"<SIGNED productionresultssa4.blob.core.windows.net/actions-cache/13f-6076271791 len=391>","matched_key":"cbmain-a7136383"}|req={"key":"zzz-no-such-a7136383","restoreKeys":["cbmain-a7136"],"version":"5815f4cade2696c8503fee1d72b56e6a4771a264cc2753c24c189700109b0e08"}
@@P|PR-read-neverwritten|200|{"ok":false,"signed_download_url":"","matched_key":""}|req={"key":"cbnever-a7136383","version":"0000000000000000000000000000000000000000000000000000000000000001"}
@@GH|PR-del-bykey|403|{"message":"Resource not accessible by integration","documentation_url":"https://docs.github.com/rest/actions/cache#delete-github-actions-caches-for-a-repository-using-a-cache-key","status":"403"}
@@GH|PR-list-caches|200|{"total_count":9,"actions_caches":[{"id":6076271791,"ref":"refs/heads/main","key":"cbmain-a7136383","version":"5815f4cade2696c8503fee1d72b56e6a4771a264cc2753c24c189700109b0e08","last_accessed_at":"2026-07-27T07:22:33.796845000Z","created_at":"2026-07-27T07:13:34.791046000Z","size_in_bytes":333},{"id":6076384753,"ref":"refs/pull/1/merge","key":"cbacpr-a7136383-W3siU2NvcGUiOiJyZWZzL3B1bGwvMS9tZXJnZSIsIlBlcm1pc3Npb24iOj
@@P|PR-legacy-get|400|<h2>Our services aren't available right now</h2><p>We're working to restore all services as soon as possible. Please check back soon.</p>0OgdnagAAAAChr4pLIgyBTYIhijdXKMvVTVNQMzExMDAwMTAyMDM1AEVkZ2U=
@@P|PR-legacy-reserve|400|<h2>Our services aren't available right now</h2><p>We're working to restore all services as soon as possible. Please check back soon.</p>0OgdnagAAAAAYD6+rUsU8QqQhFR8lqtMATVNQMzExMDAwMTAyMDM1AEVkZ2U=